// Jest Snapshot v1, https://goo.gl/fbAQLP

exports[`pages/404 renders correctly 1`] = `"Page Not Found"`;

exports[`pages/404 renders correctly 2`] = `"Page Not Found"`;
