// Jest Snapshot v1, https://goo.gl/fbAQLP

exports[`components/GlobalSEO renders correctly 1`] = `null`;

exports[`components/GlobalSEO renders correctly 2`] = `null`;
