// Jest Snapshot v1, https://goo.gl/fbAQLP

exports[`page-components/TikTakBoom/SEO renders correctly 1`] = `
Array [
  <div>
    GlobalSEO
  </div>,
  <div>
    Home Meta Title
    https://ck-test.com/Home Meta Canonical Pathname
    https://ck-test.com/Home Meta Canonical Pathname
    Home Meta Description
    Home Meta Keywords
    https://ck-test.comundefined
    el - https://ck-test.com/el
    en - https://ck-test.com/en
  </div>,
]
`;
