// Jest Snapshot v1, https://goo.gl/fbAQLP

exports[`components/ElevatedWithBlurBackGround renders correctly 1`] = `
<div
  className="container"
>
  Test Content
</div>
`;
