// Jest Snapshot v1, https://goo.gl/fbAQLP

exports[`components/Layout renders correctly 1`] = `
Array [
  <div>
    Background
  </div>,
  <div>
    Header
  </div>,
  <div>
    Menu
  </div>,
  "Test Content",
]
`;
