// Jest Snapshot v1, https://goo.gl/fbAQLP

exports[`page-components/Home renders correctly 1`] = `
<div
  className="pageBody"
>
  <div>
    SEO
  </div>
  <div>
    AvailableGames
  </div>
</div>
`;
